$ next build
▲ Next.js 16.3.4 (Turbopack)
✓ Running next.config.ts took 35ms

  Creating an optimized production build ...
✓ Compiled successfully in 850ms
  Running TypeScript ...
  Finished TypeScript in 2.2s ...
  Collecting page data using 21 workers ...
  Generating static pages using 21 workers (0/23) ...
  Generating static pages using 21 workers (5/23) 
⨯ useSearchParams() should be wrapped in a suspense boundary at page "/administrator/article-requests". Read more: https://nextjs.org/docs/messages/missing-suspense-with-csr-bailout
    at Object.X (/home/khushwantsingh/code/gyanmitra/frontend/.next/server/chunks/ssr/node_modules__pnpm_02dek6s._.js:2:3038)
    at q (/home/khushwantsingh/code/gyanmitra/frontend/.next/server/chunks/ssr/node_modules__pnpm_02dek6s._.js:1:10363)
    at /home/khushwantsingh/code/gyanmitra/frontend/.next/server/chunks/ssr/_1isqom7._.js:1:120269
    at /home/khushwantsingh/code/gyanmitra/frontend/.next/server/chunks/ssr/src_app_administrator_layout_tsx_14bxm-2._.js:1:21483
    at al (/home/khushwantsingh/code/gyanmitra/frontend/node_modules/.pnpm/next@16.3.4_@babel+core@7.29.7_supports-color@9.4.0__@types+node@20.19.43_babel-plugin-_27f8882287b4c61af8a211c16db119ea/node_modules/next/dist/compiled/next-server/app-page-turbo.runtime.prod.js:2:85944)
    at ac (/home/khushwantsingh/code/gyanmitra/frontend/node_modules/.pnpm/next@16.3.4_@babel+core@7.29.7_supports-color@9.4.0__@types+node@20.19.43_babel-plugin-_27f8882287b4c61af8a211c16db119ea/node_modules/next/dist/compiled/next-server/app-page-turbo.runtime.prod.js:2:87760)
    at ah (/home/khushwantsingh/code/gyanmitra/frontend/node_modules/.pnpm/next@16.3.4_@babel+core@7.29.7_supports-color@9.4.0__@types+node@20.19.43_babel-plugin-_27f8882287b4c61af8a211c16db119ea/node_modules/next/dist/compiled/next-server/app-page-turbo.runtime.prod.js:2:109623)
    at af (/home/khushwantsingh/code/gyanmitra/frontend/node_modules/.pnpm/next@16.3.4_@babel+core@7.29.7_supports-color@9.4.0__@types+node@20.19.43_babel-plugin-_27f8882287b4c61af8a211c16db119ea/node_modules/next/dist/compiled/next-server/app-page-turbo.runtime.prod.js:2:106940)
    at au (/home/khushwantsingh/code/gyanmitra/frontend/node_modules/.pnpm/next@16.3.4_@babel+core@7.29.7_supports-color@9.4.0__@types+node@20.19.43_babel-plugin-_27f8882287b4c61af8a211c16db119ea/node_modules/next/dist/compiled/next-server/app-page-turbo.runtime.prod.js:2:86296)
    at ac (/home/khushwantsingh/code/gyanmitra/frontend/node_modules/.pnpm/next@16.3.4_@babel+core@7.29.7_supports-color@9.4.0__@types+node@20.19.43_babel-plugin-_27f8882287b4c61af8a211c16db119ea/node_modules/next/dist/compiled/next-server/app-page-turbo.runtime.prod.js:2:87805)
    at ac (/home/khushwantsingh/code/gyanmitra/frontend/node_modules/.pnpm/next@16.3.4_@babel+core@7.29.7_supports-color@9.4.0__@types+node@20.19.43_babel-plugin-_27f8882287b4c61af8a211c16db119ea/node_modules/next/dist/compiled/next-server/app-page-turbo.runtime.prod.js:2:106280)
    at ah (/home/khushwantsingh/code/gyanmitra/frontend/node_modules/.pnpm/next@16.3.4_@babel+core@7.29.7_supports-color@9.4.0__@types+node@20.19.43_babel-plugin-_27f8882287b4c61af8a211c16db119ea/node_modules/next/dist/compiled/next-server/app-page-turbo.runtime.prod.js:2:109623)
    at af (/home/khushwantsingh/code/gyanmitra/frontend/node_modules/.pnpm/next@16.3.4_@babel+core@7.29.7_supports-color@9.4.0__@types+node@20.19.43_babel-plugin-_27f8882287b4c61af8a211c16db119ea/node_modules/next/dist/compiled/next-server/app-page-turbo.runtime.prod.js:2:106940)
    at aS (/home/khushwantsingh/code/gyanmitra/frontend/node_modules/.pnpm/next@16.3.4_@babel+core@7.29.7_supports-color@9.4.0__@types+node@20.19.43_babel-plugin-_27f8882287b4c61af8a211c16db119ea/node_modules/next/dist/compiled/next-server/app-page-turbo.runtime.prod.js:2:114685)
    at ap (/home/khushwantsingh/code/gyanmitra/frontend/node_modules/.pnpm/next@16.3.4_@babel+core@7.29.7_supports-color@9.4.0__@types+node@20.19.43_babel-plugin-_27f8882287b4c61af8a211c16db119ea/node_modules/next/dist/compiled/next-server/app-page-turbo.runtime.prod.js:2:111684)
    at ah (/home/khushwantsingh/code/gyanmitra/frontend/node_modules/.pnpm/next@16.3.4_@babel+core@7.29.7_supports-color@9.4.0__@types+node@20.19.43_babel-plugin-_27f8882287b4c61af8a211c16db119ea/node_modules/next/dist/compiled/next-server/app-page-turbo.runtime.prod.js:2:109897)
    at af (/home/khushwantsingh/code/gyanmitra/frontend/node_modules/.pnpm/next@16.3.4_@babel+core@7.29.7_supports-color@9.4.0__@types+node@20.19.43_babel-plugin-_27f8882287b4c61af8a211c16db119ea/node_modules/next/dist/compiled/next-server/app-page-turbo.runtime.prod.js:2:106940)
    at ac (/home/khushwantsingh/code/gyanmitra/frontend/node_modules/.pnpm/next@16.3.4_@babel+core@7.29.7_supports-color@9.4.0__@types+node@20.19.43_babel-plugin-_27f8882287b4c61af8a211c16db119ea/node_modules/next/dist/compiled/next-server/app-page-turbo.runtime.prod.js:2:100962)
    at ah (/home/khushwantsingh/code/gyanmitra/frontend/node_modules/.pnpm/next@16.3.4_@babel+core@7.29.7_supports-color@9.4.0__@types+node@20.19.43_babel-plugin-_27f8882287b4c61af8a211c16db119ea/node_modules/next/dist/compiled/next-server/app-page-turbo.runtime.prod.js:2:109623)
    at af (/home/khushwantsingh/code/gyanmitra/frontend/node_modules/.pnpm/next@16.3.4_@babel+core@7.29.7_supports-color@9.4.0__@types+node@20.19.43_babel-plugin-_27f8882287b4c61af8a211c16db119ea/node_modules/next/dist/compiled/next-server/app-page-turbo.runtime.prod.js:2:106940)
    at ac (/home/khushwantsingh/code/gyanmitra/frontend/node_modules/.pnpm/next@16.3.4_@babel+core@7.29.7_supports-color@9.4.0__@types+node@20.19.43_babel-plugin-_27f8882287b4c61af8a211c16db119ea/node_modules/next/dist/compiled/next-server/app-page-turbo.runtime.prod.js:2:105898)
    at ah (/home/khushwantsingh/code/gyanmitra/frontend/node_modules/.pnpm/next@16.3.4_@babel+core@7.29.7_supports-color@9.4.0__@types+node@20.19.43_babel-plugin-_27f8882287b4c61af8a211c16db119ea/node_modules/next/dist/compiled/next-server/app-page-turbo.runtime.prod.js:2:109623)
    at af (/home/khushwantsingh/code/gyanmitra/frontend/node_modules/.pnpm/next@16.3.4_@babel+core@7.29.7_supports-color@9.4.0__@types+node@20.19.43_babel-plugin-_27f8882287b4c61af8a211c16db119ea/node_modules/next/dist/compiled/next-server/app-page-turbo.runtime.prod.js:2:106940)
    at au (/home/khushwantsingh/code/gyanmitra/frontend/node_modules/.pnpm/next@16.3.4_@babel+core@7.29.7_supports-color@9.4.0__@types+node@20.19.43_babel-plugin-_27f8882287b4c61af8a211c16db119ea/node_modules/next/dist/compiled/next-server/app-page-turbo.runtime.prod.js:2:86296)
    at ac (/home/khushwantsingh/code/gyanmitra/frontend/node_modules/.pnpm/next@16.3.4_@babel+core@7.29.7_supports-color@9.4.0__@types+node@20.19.43_babel-plugin-_27f8882287b4c61af8a211c16db119ea/node_modules/next/dist/compiled/next-server/app-page-turbo.runtime.prod.js:2:87805)
    at ah (/home/khushwantsingh/code/gyanmitra/frontend/node_modules/.pnpm/next@16.3.4_@babel+core@7.29.7_supports-color@9.4.0__@types+node@20.19.43_babel-plugin-_27f8882287b4c61af8a211c16db119ea/node_modules/next/dist/compiled/next-server/app-page-turbo.runtime.prod.js:2:109623)
    at af (/home/khushwantsingh/code/gyanmitra/frontend/node_modules/.pnpm/next@16.3.4_@babel+core@7.29.7_supports-color@9.4.0__@types+node@20.19.43_babel-plugin-_27f8882287b4c61af8a211c16db119ea/node_modules/next/dist/compiled/next-server/app-page-turbo.runtime.prod.js:2:106940)
    at aS (/home/khushwantsingh/code/gyanmitra/frontend/node_modules/.pnpm/next@16.3.4_@babel+core@7.29.7_supports-color@9.4.0__@types+node@20.19.43_babel-plugin-_27f8882287b4c61af8a211c16db119ea/node_modules/next/dist/compiled/next-server/app-page-turbo.runtime.prod.js:2:114685)
    at ap (/home/khushwantsingh/code/gyanmitra/frontend/node_modules/.pnpm/next@16.3.4_@babel+core@7.29.7_supports-color@9.4.0__@types+node@20.19.43_babel-plugin-_27f8882287b4c61af8a211c16db119ea/node_modules/next/dist/compiled/next-server/app-page-turbo.runtime.prod.js:2:111684)
    at ah (/home/khushwantsingh/code/gyanmitra/frontend/node_modules/.pnpm/next@16.3.4_@babel+core@7.29.7_supports-color@9.4.0__@types+node@20.19.43_babel-plugin-_27f8882287b4c61af8a211c16db119ea/node_modules/next/dist/compiled/next-server/app-page-turbo.runtime.prod.js:2:109897)
    at af (/home/khushwantsingh/code/gyanmitra/frontend/node_modules/.pnpm/next@16.3.4_@babel+core@7.29.7_supports-color@9.4.0__@types+node@20.19.43_babel-plugin-_27f8882287b4c61af8a211c16db119ea/node_modules/next/dist/compiled/next-server/app-page-turbo.runtime.prod.js:2:106940)
    at ac (/home/khushwantsingh/code/gyanmitra/frontend/node_modules/.pnpm/next@16.3.4_@babel+core@7.29.7_supports-color@9.4.0__@types+node@20.19.43_babel-plugin-_27f8882287b4c61af8a211c16db119ea/node_modules/next/dist/compiled/next-server/app-page-turbo.runtime.prod.js:2:87724)
    at ah (/home/khushwantsingh/code/gyanmitra/frontend/node_modules/.pnpm/next@16.3.4_@babel+core@7.29.7_supports-color@9.4.0__@types+node@20.19.43_babel-plugin-_27f8882287b4c61af8a211c16db119ea/node_modules/next/dist/compiled/next-server/app-page-turbo.runtime.prod.js:2:109623)
    at af (/home/khushwantsingh/code/gyanmitra/frontend/node_modules/.pnpm/next@16.3.4_@babel+core@7.29.7_supports-color@9.4.0__@types+node@20.19.43_babel-plugin-_27f8882287b4c61af8a211c16db119ea/node_modules/next/dist/compiled/next-server/app-page-turbo.runtime.prod.js:2:106940)
    at au (/home/khushwantsingh/code/gyanmitra/frontend/node_modules/.pnpm/next@16.3.4_@babel+core@7.29.7_supports-color@9.4.0__@types+node@20.19.43_babel-plugin-_27f8882287b4c61af8a211c16db119ea/node_modules/next/dist/compiled/next-server/app-page-turbo.runtime.prod.js:2:86296)
    at ac (/home/khushwantsingh/code/gyanmitra/frontend/node_modules/.pnpm/next@16.3.4_@babel+core@7.29.7_supports-color@9.4.0__@types+node@20.19.43_babel-plugin-_27f8882287b4c61af8a211c16db119ea/node_modules/next/dist/compiled/next-server/app-page-turbo.runtime.prod.js:2:87805)
    at ah (/home/khushwantsingh/code/gyanmitra/frontend/node_modules/.pnpm/next@16.3.4_@babel+core@7.29.7_supports-color@9.4.0__@types+node@20.19.43_babel-plugin-_27f8882287b4c61af8a211c16db119ea/node_modules/next/dist/compiled/next-server/app-page-turbo.runtime.prod.js:2:109623)
    at af (/home/khushwantsingh/code/gyanmitra/frontend/node_modules/.pnpm/next@16.3.4_@babel+core@7.29.7_supports-color@9.4.0__@types+node@20.19.43_babel-plugin-_27f8882287b4c61af8a211c16db119ea/node_modules/next/dist/compiled/next-server/app-page-turbo.runtime.prod.js:2:106940)
    at ac (/home/khushwantsingh/code/gyanmitra/frontend/node_modules/.pnpm/next@16.3.4_@babel+core@7.29.7_supports-color@9.4.0__@types+node@20.19.43_babel-plugin-_27f8882287b4c61af8a211c16db119ea/node_modules/next/dist/compiled/next-server/app-page-turbo.runtime.prod.js:2:87724)
    at ah (/home/khushwantsingh/code/gyanmitra/frontend/node_modules/.pnpm/next@16.3.4_@babel+core@7.29.7_supports-color@9.4.0__@types+node@20.19.43_babel-plugin-_27f8882287b4c61af8a211c16db119ea/node_modules/next/dist/compiled/next-server/app-page-turbo.runtime.prod.js:2:109623)
    at af (/home/khushwantsingh/code/gyanmitra/frontend/node_modules/.pnpm/next@16.3.4_@babel+core@7.29.7_supports-color@9.4.0__@types+node@20.19.43_babel-plugin-_27f8882287b4c61af8a211c16db119ea/node_modules/next/dist/compiled/next-server/app-page-turbo.runtime.prod.js:2:106940)
    at au (/home/khushwantsingh/code/gyanmitra/frontend/node_modules/.pnpm/next@16.3.4_@babel+core@7.29.7_supports-color@9.4.0__@types+node@20.19.43_babel-plugin-_27f8882287b4c61af8a211c16db119ea/node_modules/next/dist/compiled/next-server/app-page-turbo.runtime.prod.js:2:86296)
    at ac (/home/khushwantsingh/code/gyanmitra/frontend/node_modules/.pnpm/next@16.3.4_@babel+core@7.29.7_supports-color@9.4.0__@types+node@20.19.43_babel-plugin-_27f8882287b4c61af8a211c16db119ea/node_modules/next/dist/compiled/next-server/app-page-turbo.runtime.prod.js:2:87805)
    at ah (/home/khushwantsingh/code/gyanmitra/frontend/node_modules/.pnpm/next@16.3.4_@babel+core@7.29.7_supports-color@9.4.0__@types+node@20.19.43_babel-plugin-_27f8882287b4c61af8a211c16db119ea/node_modules/next/dist/compiled/next-server/app-page-turbo.runtime.prod.js:2:109623)
    at af (/home/khushwantsingh/code/gyanmitra/frontend/node_modules/.pnpm/next@16.3.4_@babel+core@7.29.7_supports-color@9.4.0__@types+node@20.19.43_babel-plugin-_27f8882287b4c61af8a211c16db119ea/node_modules/next/dist/compiled/next-server/app-page-turbo.runtime.prod.js:2:106940)
    at ac (/home/khushwantsingh/code/gyanmitra/frontend/node_modules/.pnpm/next@16.3.4_@babel+core@7.29.7_supports-color@9.4.0__@types+node@20.19.43_babel-plugin-_27f8882287b4c61af8a211c16db119ea/node_modules/next/dist/compiled/next-server/app-page-turbo.runtime.prod.js:2:100962)
    at ah (/home/khushwantsingh/code/gyanmitra/frontend/node_modules/.pnpm/next@16.3.4_@babel+core@7.29.7_supports-color@9.4.0__@types+node@20.19.43_babel-plugin-_27f8882287b4c61af8a211c16db119ea/node_modules/next/dist/compiled/next-server/app-page-turbo.runtime.prod.js:2:109623)
    at af (/home/khushwantsingh/code/gyanmitra/frontend/node_modules/.pnpm/next@16.3.4_@babel+core@7.29.7_supports-color@9.4.0__@types+node@20.19.43_babel-plugin-_27f8882287b4c61af8a211c16db119ea/node_modules/next/dist/compiled/next-server/app-page-turbo.runtime.prod.js:2:106940)
    at au (/home/khushwantsingh/code/gyanmitra/frontend/node_modules/.pnpm/next@16.3.4_@babel+core@7.29.7_supports-color@9.4.0__@types+node@20.19.43_babel-plugin-_27f8882287b4c61af8a211c16db119ea/node_modules/next/dist/compiled/next-server/app-page-turbo.runtime.prod.js:2:86296)
    at ac (/home/khushwantsingh/code/gyanmitra/frontend/node_modules/.pnpm/next@16.3.4_@babel+core@7.29.7_supports-color@9.4.0__@types+node@20.19.43_babel-plugin-_27f8882287b4c61af8a211c16db119ea/node_modules/next/dist/compiled/next-server/app-page-turbo.runtime.prod.js:2:87805)
Error occurred prerendering page "/administrator/article-requests". Read more: https://nextjs.org/docs/messages/prerender-error
Export encountered an error on /administrator/article-requests/page: /administrator/article-requests, exiting the build.
⨯ Next.js build worker exited with code: 1 and signal: null
[ELIFECYCLE] Command failed with exit code 1.
